Compiling lib\main.dart for the Web...                          
flutter : Wasm dry run 
succeeded. Consider 
building and testing 
your application with 
the `--wasm` flag. See 
docs for more info: htt
ps://docs.flutter.dev/p
latform-integration/web
/wasm
At line:1 char:1
+ flutter build web > 
build_errors.txt 2>&1
+ ~~~~~~~~~~~~~~~~~~~~~
~~~~~~~~~~~~~~~~~~~~
    + CategoryInfo     
         : NotSpecifi  
  ed: (Wasm dry run    
 su...ration/web/wa    
sm:String) [], Rem    
oteException
    + FullyQualifiedEr 
   rorId : NativeComm  
  andError
 
Use --no-wasm-dry-run 
to disable these 
warnings.
Target dart2js failed: 
ProcessException: 
Process exited 
abnormally with exit 
code 1:
lib/widgets/product_car
d.dart:60:23:
Error: No named 
parameter with the 
name 'backdropFilter'.
                      
backdropFilter: null,
                      
^^^^^^^^^^^^^^
/C:/flutter/flutter/pac
kages/flutter/lib/src/p
ainting/box_decoration.
dart:93:9:
Info: Found this 
candidate, but the 
arguments don't match.
  const BoxDecoration({
        ^^^^^^^^^^^^^
Error: Compilation 
failed.
  Command: C:\flutter\f
lutter\bin\cache\dart-s
dk\bin\dart.exe 
compile js --platform-b
inaries=C:\flutter\flut
ter\bin\cache\flutter_w
eb_sdk\kernel 
--invoker=flutter_tool 
-Ddart.vm.product=true 
-DFLUTTER_VERSION=3.35.
6 -DFLUTTER_CHANNEL=sta
ble -DFLUTTER_GIT_URL=h
ttps://github.com/flutt
er/flutter.git -DFLUTTE
R_FRAMEWORK_REVISION=9f
455d2486 -DFLUTTER_ENGI
NE_REVISION=d2913632a4 
-DFLUTTER_DART_VERSION=
3.9.2 -DFLUTTER_WEB_USE
_SKIA=true -DFLUTTER_WE
B_USE_SKWASM=false -DFL
UTTER_WEB_CANVASKIT_URL
=https://www.gstatic.co
m/flutter-canvaskit/d29
13632a4578ee4d0b8b1c4a6
9888c8a0672c4b/ --nativ
e-null-assertions 
--no-source-maps -O4 
--minify -o 
C:\Users\NABS  COMPUTER
S\Desktop\dsa\stitch\au
ra_app\.dart_tool\flutt
er_build\1c1efb4adfa6c7
e1cd16e9fbe16d7e75\app.
dill --packages=C:\User
s\NABS  COMPUTERS\Deskt
op\dsa\stitch\aura_app\
.dart_tool\package_conf
ig.json --cfe-only 
C:\Users\NABS  COMPUTER
S\Desktop\dsa\stitch\au
ra_app\.dart_tool\flutt
er_build\1c1efb4adfa6c7
e1cd16e9fbe16d7e75\main
.dart
#0      RunResult.throw
Exception (package:flut
ter_tools/src/base/proc
ess.dart:118:5)
#1      _DefaultProcess
Utils.run (package:flut
ter_tools/src/base/proc
ess.dart:344:19)
<asynchronous 
suspension>
#2      
Dart2JSTarget.build (pa
ckage:flutter_tools/src
/build_system/targets/w
eb.dart:204:5)
<asynchronous 
suspension>
#3      _BuildInstance.
_invokeInternal (packag
e:flutter_tools/src/bui
ld_system/build_system.
dart:873:9)
<asynchronous 
suspension>
#4      
Future.wait.<anonymous 
closure> (dart:async/fu
ture.dart:525:21)
<asynchronous 
suspension>
#5      _BuildInstance.
invokeTarget (package:f
lutter_tools/src/build_
system/build_system.dar
t:811:32)
<asynchronous 
suspension>
#6      
Future.wait.<anonymous 
closure> (dart:async/fu
ture.dart:525:21)
<asynchronous 
suspension>
#7      _BuildInstance.
invokeTarget (package:f
lutter_tools/src/build_
system/build_system.dar
t:811:32)
<asynchronous 
suspension>
#8      FlutterBuildSys
tem.build (package:flut
ter_tools/src/build_sys
tem/build_system.dart:6
31:16)
<asynchronous 
suspension>
#9      
WebBuilder.buildWeb (pa
ckage:flutter_tools/src
/web/compile.dart:90:34
)
<asynchronous 
suspension>
#10     BuildWebCommand
.runCommand (package:fl
utter_tools/src/command
s/build_web.dart:282:5)
<asynchronous 
suspension>
#11     FlutterCommand.
run.<anonymous 
closure> (package:flutt
er_tools/src/runner/flu
tter_command.dart:1581:
27)
<asynchronous 
suspension>
#12     AppContext.run.
<anonymous closure> (pa
ckage:flutter_tools/src
/base/context.dart:154:
19)
<asynchronous 
suspension>
#13     CommandRunner.r
unCommand (package:args
/command_runner.dart:21
2:13)
<asynchronous 
suspension>
#14     FlutterCommandR
unner.runCommand.<anony
mous closure> (package:
flutter_tools/src/runne
r/flutter_command_runne
r.dart:503:9)
<asynchronous 
suspension>
#15     AppContext.run.
<anonymous closure> (pa
ckage:flutter_tools/src
/base/context.dart:154:
19)
<asynchronous 
suspension>
#16     FlutterCommandR
unner.runCommand (packa
ge:flutter_tools/src/ru
nner/flutter_command_ru
nner.dart:438:5)
<asynchronous 
suspension>
#17     run.<anonymous 
closure>.<anonymous 
closure> (package:flutt
er_tools/runner.dart:98
:11)
<asynchronous 
suspension>
#18     AppContext.run.
<anonymous closure> (pa
ckage:flutter_tools/src
/base/context.dart:154:
19)
<asynchronous 
suspension>
#19     main (package:f
lutter_tools/executable
.dart:101:3)
<asynchronous 
suspension>

Compiling lib\main.dart for the Web...                             50.9s
Error: Failed to 
compile application 
for the Web.
